converged SCF energy = -107.500603311882
--------------- RHF gradients ---------------
         x                y                z
0 N    -0.0000000000    -0.0000000000    -0.0139867876
1 N     0.0000000000     0.0000000000     0.0139867876
----------------------------------------------
